{
	"baz": "zap",
	"caller": "--REPLACED--/logger_test.go:109",
	"foo": "bar",
	"time": "2019-10-08T20:04:13.490819+00:00"
}
